≡ƒÜÇ Sending test SMS to 0542343069...
Using API Key starting with: eyJ0e...
Using Sender ID: LectureLet
Using local phone format: 0542343069
≡ƒôí Sending SMS to 0542343069 via Moolre...
≡ƒô¼ Moolre Response: {
  "status": 0,
  "code": "AIN01",
  "message": "Authentication Error",
  "data": null,
  "go": null
}
node : Γ¥î SMS sending 
failed: SMS sending failed: 
Authentication Error
At line:1 char:1
+ node testSMS.js 
0542343069 > test_log.txt 
2>&1; cat test_log.txt
+ ~~~~~~~~~~~~~~~~~~~~~~~~~~
~~~~~~~~~~~~~~~~~~~~
    + CategoryInfo          
    : NotSpecified: (Γ¥î S  
  MS sending...ntication    
 Error:String) [], Remot    
eException
    + FullyQualifiedErrorId 
    : NativeCommandError
 
Γ¥î SMS Failed!
Error: SMS sending failed: 
Authentication Error
Details: Error: SMS sending 
failed: Authentication Error
    at sendSMS (C:\Projects\
lecturerlet\backend\src\util
s\smsService.js:123:13)
    at process.processTicksA
ndRejections (node:internal/
process/task_queues:105:5)
    at async testDirectSMS (
C:\Projects\lecturerlet\back
end\testSMS.js:22:20)
